
> vulnwatch-frontend@0.1.0 dev
> vite --port 5173 --strictPort


  VITE v5.4.21  ready in 680 ms

  ➜  Local:   http://localhost:5173/
  ➜  Network: use --host to expose
10:09:30 am [vite] http proxy error: /api/me
AggregateError [ECONNREFUSED]: 
    at internalConnectMultiple (node:net:1134:18)
    at afterConnectMultiple (node:net:1715:7)
10:09:32 am [vite] http proxy error: /api/me
AggregateError [ECONNREFUSED]: 
    at internalConnectMultiple (node:net:1134:18)
    at afterConnectMultiple (node:net:1715:7)
10:09:41 am [vite] http proxy error: /api/me
AggregateError [ECONNREFUSED]: 
    at internalConnectMultiple (node:net:1134:18)
    at afterConnectMultiple (node:net:1715:7)
10:09:42 am [vite] http proxy error: /api/me
AggregateError [ECONNREFUSED]: 
    at internalConnectMultiple (node:net:1134:18)
    at afterConnectMultiple (node:net:1715:7)
10:09:44 am [vite] http proxy error: /api/me
AggregateError [ECONNREFUSED]: 
    at internalConnectMultiple (node:net:1134:18)
    at afterConnectMultiple (node:net:1715:7)
10:09:45 am [vite] http proxy error: /api/me
AggregateError [ECONNREFUSED]: 
    at internalConnectMultiple (node:net:1134:18)
    at afterConnectMultiple (node:net:1715:7)
10:09:48 am [vite] http proxy error: /api/me
AggregateError [ECONNREFUSED]: 
    at internalConnectMultiple (node:net:1134:18)
    at afterConnectMultiple (node:net:1715:7)
10:09:49 am [vite] http proxy error: /api/me
AggregateError [ECONNREFUSED]: 
    at internalConnectMultiple (node:net:1134:18)
    at afterConnectMultiple (node:net:1715:7)
10:10:02 am [vite] http proxy error: /api/me
AggregateError [ECONNREFUSED]: 
    at internalConnectMultiple (node:net:1134:18)
    at afterConnectMultiple (node:net:1715:7)
10:10:03 am [vite] http proxy error: /api/me
AggregateError [ECONNREFUSED]: 
    at internalConnectMultiple (node:net:1134:18)
    at afterConnectMultiple (node:net:1715:7)
